OpenJDK 64-Bit Server VM (25.151-b12) for linux-amd64 JRE (1.8.0_151-8u151-b12-0ubuntu0.16.04.2-b12), built on Oct 27 2017 21:59:02 by "buildd" with gcc 5.4.0 20160609
Memory: 4k page, physical 16431424k(14229576k free), swap 0k(0k free)
CommandLine flags: -XX:+CMSClassUnloadingEnabled -XX:+HeapDumpOnOutOfMemoryError -XX:InitialHeapSize=262902784 -XX:MaxHeapSize=8589934592 -XX:MaxNewSize=348966912 -XX:MaxTenuringThreshold=6 -XX:OldPLABSize=16 -XX:+PrintGC -XX:+PrintGCTimeStamps -XX:+UseCompressedClassPointers -XX:+UseCompressedOops -XX:+UseConcMarkSweepGC -XX:+UseParNewGC 
0.643: [GC (Allocation Failure)  68864K->7002K(249472K), 0.0057077 secs]
1.091: [GC (Allocation Failure)  75866K->6416K(249472K), 0.0103901 secs]
1.499: [GC (Allocation Failure)  75280K->7762K(249472K), 0.0060318 secs]
1.988: [GC (Allocation Failure)  76626K->11227K(249472K), 0.0204746 secs]
2.011: [GC (CMS Initial Mark)  12476K(249472K), 0.0017455 secs]
2.596: [GC (CMS Final Remark)  52916K(249472K), 0.0160060 secs]
2.791: [GC (Allocation Failure)  80065K->12060K(249472K), 0.0067132 secs]
3.287: [GC (Allocation Failure)  80924K->15180K(249472K), 0.0318549 secs]
3.636: [GC (Allocation Failure)  84044K->11659K(249472K), 0.0068010 secs]
3.948: [GC (Allocation Failure)  80523K->14758K(249472K), 0.0077207 secs]
4.398: [GC (Allocation Failure)  83622K->17252K(249472K), 0.0074467 secs]
4.664: [GC (Allocation Failure)  86116K->18608K(249472K), 0.0119381 secs]
4.677: [GC (CMS Initial Mark)  19069K(249472K), 0.0024787 secs]
4.975: [GC (Allocation Failure)  87472K->19202K(249472K), 0.0045320 secs]
5.374: [GC (CMS Final Remark)  56891K(249472K), 0.0336651 secs]
5.582: [GC (Allocation Failure)  73323K->21968K(249472K), 0.0104144 secs]
5.963: [GC (Allocation Failure)  90832K->40792K(249472K), 0.0117652 secs]
7.007: [GC (Allocation Failure)  95038K->55507K(249472K), 0.0090983 secs]
112.068: [GC (Allocation Failure)  124371K->104091K(249472K), 0.0115628 secs]
112.080: [GC (CMS Initial Mark)  104166K(249472K), 0.0018266 secs]
112.413: [GC (Allocation Failure)  172955K->107142K(249472K), 0.0059189 secs]
112.686: [GC (CMS Final Remark)  144029K(249472K), 0.0248071 secs]
112.853: [GC (Allocation Failure)  175775K->107869K(249472K), 0.0067236 secs]
113.328: [GC (Allocation Failure)  176733K->110279K(249472K), 0.0053687 secs]
113.753: [GC (Allocation Failure)  179142K->110713K(249472K), 0.0081260 secs]
114.086: [GC (Allocation Failure)  179577K->110383K(249472K), 0.0040869 secs]
114.522: [GC (Allocation Failure)  179247K->111713K(249472K), 0.0051745 secs]
114.918: [GC (Allocation Failure)  180577K->113843K(249472K), 0.0075621 secs]
115.452: [GC (Allocation Failure)  182707K->113289K(249472K), 0.0198633 secs]
115.914: [GC (Allocation Failure)  182153K->114821K(249472K), 0.0068878 secs]
116.347: [GC (Allocation Failure)  183685K->116174K(249472K), 0.0087222 secs]
116.801: [GC (Allocation Failure)  185038K->118514K(249472K), 0.0115084 secs]
117.124: [GC (Allocation Failure)  187378K->121455K(249472K), 0.0196930 secs]
117.538: [GC (Allocation Failure)  190319K->120510K(249472K), 0.0097452 secs]
121.820: [GC (Allocation Failure)  188034K->154030K(249472K), 0.0176015 secs]
121.839: [GC (CMS Initial Mark)  158128K(249472K), 0.0031147 secs]
122.535: [GC (CMS Final Remark)  190101K(249472K), 0.0517946 secs]
122.839: [GC (Allocation Failure)  222284K->154088K(324764K), 0.0057375 secs]
123.435: [GC (Allocation Failure)  222952K->154365K(324764K), 0.0109919 secs]
123.888: [GC (Allocation Failure)  223229K->155717K(324764K), 0.0123839 secs]
124.232: [GC (Allocation Failure)  224581K->153275K(324764K), 0.0039541 secs]
124.759: [GC (Allocation Failure)  222139K->154702K(324764K), 0.0058509 secs]
125.393: [GC (Allocation Failure)  223566K->155029K(324764K), 0.0064573 secs]
125.902: [GC (Allocation Failure)  223893K->156404K(324764K), 0.0080351 secs]
126.451: [GC (Allocation Failure)  225268K->157493K(324764K), 0.0058106 secs]
126.789: [GC (Allocation Failure)  225491K->157824K(324764K), 0.0053569 secs]
127.035: [GC (Allocation Failure)  226688K->159503K(324764K), 0.0060680 secs]
127.307: [GC (Allocation Failure)  228367K->159703K(324764K), 0.0074634 secs]
127.511: [GC (Allocation Failure)  228567K->162446K(324764K), 0.0108866 secs]
127.714: [GC (Allocation Failure)  231310K->161750K(324764K), 0.0100326 secs]
127.923: [GC (Allocation Failure)  230614K->162179K(324764K), 0.0062600 secs]
128.121: [GC (Allocation Failure)  229438K->164639K(324764K), 0.0105338 secs]
128.551: [GC (Allocation Failure)  233503K->165960K(324764K), 0.0094315 secs]
128.916: [GC (Allocation Failure)  234824K->169113K(324764K), 0.0141766 secs]
129.366: [GC (Allocation Failure)  236757K->172038K(324764K), 0.0083299 secs]
129.802: [GC (Allocation Failure)  240902K->170633K(324764K), 0.0061560 secs]
130.028: [GC (Allocation Failure)  239497K->177094K(324764K), 0.0072492 secs]
130.592: [GC (Allocation Failure)  245958K->180250K(324764K), 0.0094860 secs]
130.679: [GC (Allocation Failure)  248570K->192571K(324764K), 0.0058741 secs]
130.843: [GC (Allocation Failure)  261435K->196336K(324764K), 0.0085838 secs]
131.236: [GC (Allocation Failure)  265200K->202095K(324764K), 0.0091244 secs]
301.208: [GC (Allocation Failure)  270954K->211556K(324764K), 0.0095152 secs]
442.699: [GC (Allocation Failure)  277976K->208423K(324764K), 0.0042346 secs]
551.208: [GC (Allocation Failure)  277287K->208473K(324764K), 0.0040969 secs]
1015.705: [GC (Allocation Failure)  277337K->207613K(324764K), 0.0033819 secs]
1019.661: [GC (Allocation Failure)  276087K->209420K(324764K), 0.0055760 secs]
1083.976: [GC (Allocation Failure)  278284K->211100K(324764K), 0.0047645 secs]
1090.693: [GC (Allocation Failure)  278596K->214945K(324764K), 0.0070448 secs]
1279.970: [GC (Allocation Failure)  283809K->213355K(324764K), 0.0045469 secs]
1806.116: [Full GC (System.gc())  259071K->177318K(324764K), 0.1809657 secs]
2144.742: [GC (Allocation Failure)  295782K->180749K(428780K), 0.0038260 secs]
2263.953: [GC (Allocation Failure)  299213K->184670K(428780K), 0.0046046 secs]
2461.208: [GC (Allocation Failure)  303132K->184205K(428780K), 0.0040420 secs]
2643.503: [GC (GCLocker Initiated GC)  302729K->186992K(428780K), 0.0059463 secs]
2679.737: [GC (Allocation Failure)  305456K->189207K(428780K), 0.0080371 secs]
2680.228: [GC (Allocation Failure)  307671K->191840K(428780K), 0.0066484 secs]
2705.062: [GC (Allocation Failure)  310295K->191436K(428780K), 0.0107075 secs]
2725.027: [GC (Allocation Failure)  309803K->192974K(428780K), 0.0062807 secs]
2767.144: [GC (Allocation Failure)  311438K->196460K(428780K), 0.0070301 secs]
2805.375: [GC (Allocation Failure)  314924K->197303K(428780K), 0.0051644 secs]
2834.011: [GC (Allocation Failure)  315767K->194863K(428780K), 0.0050874 secs]
2967.687: [GC (Allocation Failure)  313327K->196541K(428780K), 0.0050765 secs]
3002.813: [GC (Allocation Failure)  315005K->198898K(428780K), 0.0043971 secs]
3075.263: [GC (Allocation Failure)  317362K->199001K(428780K), 0.0070446 secs]
3171.020: [GC (Allocation Failure)  317465K->202684K(428780K), 0.0063070 secs]
3424.297: [GC (Allocation Failure)  321148K->203710K(428780K), 0.0047012 secs]
3606.116: [Full GC (System.gc())  322025K->195706K(428780K), 0.2004486 secs]
3982.800: [GC (Allocation Failure)  326458K->200328K(473252K), 0.0043384 secs]
5406.116: [Full GC (System.gc())  229851K->194930K(473252K), 0.1863474 secs]
7206.116: [Full GC (System.gc())  232664K->194930K(473252K), 0.1463633 secs]
9006.116: [Full GC (System.gc())  234246K->194931K(473252K), 0.1461854 secs]
10806.116: [Full GC (System.gc())  235318K->192372K(473252K), 0.2004656 secs]
12606.116: [Full GC (System.gc())  233990K->191858K(473252K), 0.1940830 secs]
14406.116: [Full GC (System.gc())  234294K->190828K(473252K), 0.1946179 secs]
16206.116: [Full GC (System.gc())  233632K->190829K(473252K), 0.1376028 secs]
18006.116: [Full GC (System.gc())  237199K->190957K(473252K), 0.1664957 secs]
19806.115: [Full GC (System.gc())  234311K->190859K(473252K), 0.1399150 secs]
21606.116: [Full GC (System.gc())  234583K->190858K(473252K), 0.1663717 secs]
23406.116: [Full GC (System.gc())  235005K->190859K(473252K), 0.1378477 secs]
25206.116: [Full GC (System.gc())  234718K->190866K(473252K), 0.1654955 secs]
27006.116: [Full GC (System.gc())  234978K->190853K(473252K), 0.1388835 secs]
28806.116: [Full GC (System.gc())  234956K->190854K(473252K), 0.1376597 secs]
30606.116: [Full GC (System.gc())  234942K->190854K(473252K), 0.1372526 secs]
32406.116: [Full GC (System.gc())  234948K->190854K(473252K), 0.1385993 secs]
34206.116: [Full GC (System.gc())  234962K->190844K(473252K), 0.1377207 secs]
36006.116: [Full GC (System.gc())  235676K->190883K(473252K), 0.1393399 secs]
37806.116: [Full GC (System.gc())  234589K->190857K(473252K), 0.1371799 secs]
39606.116: [Full GC (System.gc())  234953K->190856K(473252K), 0.1378932 secs]
41406.116: [Full GC (System.gc())  235368K->190856K(473252K), 0.1377165 secs]
43206.116: [Full GC (System.gc())  234956K->190856K(473252K), 0.1373567 secs]
45006.116: [Full GC (System.gc())  235364K->190846K(473252K), 0.1379411 secs]
46806.116: [Full GC (System.gc())  235367K->190846K(473252K), 0.1402498 secs]
48606.116: [Full GC (System.gc())  235368K->190849K(473252K), 0.1378513 secs]
50406.116: [Full GC (System.gc())  238765K->190849K(473252K), 0.1399027 secs]
52206.116: [Full GC (System.gc())  241123K->190849K(473252K), 0.1383095 secs]
54006.116: [Full GC (System.gc())  241130K->190849K(473252K), 0.1381633 secs]
54668.898: [GC (Allocation Failure)  321601K->200387K(473252K), 0.0070424 secs]
55806.116: [Full GC (System.gc())  270659K->195988K(473252K), 0.1816069 secs]
56057.409: [GC (Allocation Failure)  326932K->201941K(473912K), 0.0054910 secs]
56213.611: [GC (Allocation Failure)  332884K->201603K(473912K), 0.0050483 secs]
57402.752: [GC (Allocation Failure)  332547K->202322K(473912K), 0.0054052 secs]
57431.376: [GC (Allocation Failure)  333266K->206007K(473912K), 0.0067669 secs]
57528.685: [GC (Allocation Failure)  336951K->209350K(473912K), 0.0067578 secs]
57606.116: [Full GC (System.gc())  326461K->203575K(473912K), 0.2009153 secs]
57984.341: [GC (Allocation Failure)  339575K->208423K(492252K), 0.0045769 secs]
58098.327: [GC (Allocation Failure)  344423K->207542K(492252K), 0.0058594 secs]
58167.752: [GC (Allocation Failure)  343542K->209918K(492252K), 0.0051782 secs]
58213.757: [GC (Allocation Failure)  345918K->212127K(492252K), 0.0073674 secs]
58261.964: [GC (Allocation Failure)  347908K->211908K(492252K), 0.0044741 secs]
58273.233: [GC (Allocation Failure)  347904K->213171K(492252K), 0.0058156 secs]
58720.307: [GC (Allocation Failure)  347548K->214932K(492252K), 0.0074695 secs]
58786.361: [GC (Allocation Failure)  350750K->219468K(492252K), 0.0088679 secs]
58941.983: [GC (Allocation Failure)  355468K->219473K(492252K), 0.0056796 secs]
58942.710: [GC (Allocation Failure)  354112K->221268K(492252K), 0.0080155 secs]
58949.471: [GC (Allocation Failure)  357083K->224583K(492252K), 0.0098517 secs]
58952.036: [GC (Allocation Failure)  360583K->227700K(492252K), 0.0092106 secs]
58953.782: [GC (Allocation Failure)  363700K->227506K(492252K), 0.0109153 secs]
58955.858: [GC (Allocation Failure)  363506K->228667K(492252K), 0.0077284 secs]
58957.069: [GC (Allocation Failure)  364667K->229783K(492252K), 0.0131531 secs]
58958.910: [GC (Allocation Failure)  365783K->227592K(492252K), 0.0075557 secs]
58960.254: [GC (Allocation Failure)  363500K->227254K(492252K), 0.0063517 secs]
58961.403: [GC (Allocation Failure)  363254K->229609K(492252K), 0.0075179 secs]
58962.649: [GC (Allocation Failure)  365609K->228041K(492252K), 0.0055199 secs]
59014.917: [GC (Allocation Failure)  364041K->232342K(492252K), 0.0221500 secs]
59040.484: [GC (Allocation Failure)  368342K->233513K(492252K), 0.0076232 secs]
59069.113: [GC (Allocation Failure)  369513K->236628K(492252K), 0.0087468 secs]
59086.203: [GC (Allocation Failure)  372628K->235861K(492252K), 0.0072417 secs]
59140.994: [GC (Allocation Failure)  371861K->240999K(492252K), 0.0082851 secs]
59169.112: [GC (Allocation Failure)  376999K->245108K(492252K), 0.0165178 secs]
59212.628: [GC (Allocation Failure)  381108K->244184K(492252K), 0.0089692 secs]
59221.703: [GC (Allocation Failure)  380184K->246183K(492252K), 0.0138614 secs]
59262.173: [GC (Allocation Failure)  382183K->246468K(492252K), 0.0099809 secs]
59406.116: [Full GC (System.gc())  354732K->225585K(492252K), 0.2264957 secs]
59941.098: [GC (Allocation Failure)  376241K->232145K(545448K), 0.0041686 secs]
60086.295: [GC (Allocation Failure)  382801K->232453K(545448K), 0.0063070 secs]
60243.818: [GC (Allocation Failure)  383109K->230973K(545448K), 0.0039820 secs]
60277.562: [GC (Allocation Failure)  381629K->231431K(545448K), 0.0063206 secs]
60464.188: [GC (Allocation Failure)  382087K->231264K(545448K), 0.0049003 secs]
61206.116: [Full GC (System.gc())  263779K->225783K(545448K), 0.2142722 secs]
61743.284: [GC (Allocation Failure)  376283K->237078K(545908K), 0.0068450 secs]
61916.715: [GC (Allocation Failure)  387862K->238836K(545908K), 0.0092814 secs]
61927.709: [GC (Allocation Failure)  389620K->239899K(545908K), 0.0073584 secs]
62042.950: [GC (Allocation Failure)  390683K->240783K(545908K), 0.0065470 secs]
62165.524: [GC (Allocation Failure)  391567K->239778K(545908K), 0.0059428 secs]
62405.499: [GC (Allocation Failure)  390562K->240442K(545908K), 0.0053770 secs]
62539.742: [GC (Allocation Failure)  391204K->242433K(545908K), 0.0073632 secs]
62611.544: [GC (Allocation Failure)  393217K->242635K(545908K), 0.0043187 secs]
62874.822: [GC (Allocation Failure)  393419K->246358K(545908K), 0.0224493 secs]
63006.116: [Full GC (System.gc())  305144K->237922K(545908K), 0.2186595 secs]
63155.462: [GC (Allocation Failure)  396770K->249659K(575228K), 0.0081733 secs]
63333.729: [GC (Allocation Failure)  408507K->245709K(575228K), 0.0032948 secs]
63400.459: [GC (Allocation Failure)  404557K->243706K(575228K), 0.0071917 secs]
63526.185: [GC (Allocation Failure)  402554K->242877K(575228K), 0.0109115 secs]
63534.111: [GC (Allocation Failure)  401725K->241639K(575228K), 0.0047488 secs]
63535.959: [GC (Allocation Failure)  400487K->241147K(575228K), 0.0042034 secs]
63541.540: [GC (Allocation Failure)  399995K->242363K(575228K), 0.0052103 secs]
63541.835: [GC (Allocation Failure)  401211K->244941K(575228K), 0.0213972 secs]
63543.071: [GC (Allocation Failure)  403789K->247273K(575228K), 0.0118175 secs]
63543.357: [GC (Allocation Failure)  406121K->245782K(575228K), 0.0100403 secs]
63545.677: [GC (Allocation Failure)  404630K->245826K(575228K), 0.0063118 secs]
63545.983: [GC (Allocation Failure)  404648K->244701K(575228K), 0.0060823 secs]
63567.686: [GC (Allocation Failure)  403549K->245293K(575228K), 0.0071169 secs]
63568.230: [GC (Allocation Failure)  404141K->245478K(575228K), 0.0068003 secs]
63568.450: [GC (Allocation Failure)  404278K->245665K(575228K), 0.0082960 secs]
63569.832: [GC (Allocation Failure)  404513K->244166K(575228K), 0.0043955 secs]
63571.287: [GC (Allocation Failure)  403014K->243995K(575228K), 0.0031475 secs]
63572.239: [GC (Allocation Failure)  402843K->243657K(575228K), 0.0032326 secs]
63572.876: [GC (Allocation Failure)  402505K->243438K(575228K), 0.0030436 secs]
63573.154: [GC (Allocation Failure)  402286K->243815K(575228K), 0.0030629 secs]
63573.645: [GC (Allocation Failure)  402663K->244871K(575228K), 0.0031836 secs]
64150.222: [GC (Allocation Failure)  403719K->245907K(575228K), 0.0041061 secs]
64152.572: [GC (Allocation Failure)  404668K->250214K(575228K), 0.0068055 secs]
64154.810: [GC (Allocation Failure)  409039K->252888K(575228K), 0.0072631 secs]
64157.017: [GC (Allocation Failure)  410294K->253288K(575228K), 0.0070747 secs]
64158.679: [GC (Allocation Failure)  412136K->250550K(575228K), 0.0064049 secs]
64160.388: [GC (Allocation Failure)  409396K->250332K(575228K), 0.0064680 secs]
64161.775: [GC (Allocation Failure)  409180K->252399K(575228K), 0.0111607 secs]
64163.531: [GC (Allocation Failure)  411247K->253000K(575228K), 0.0098035 secs]
64165.516: [GC (Allocation Failure)  411848K->251649K(575228K), 0.0109341 secs]
64166.129: [GC (Allocation Failure)  410497K->251379K(575228K), 0.0071803 secs]
64166.966: [GC (Allocation Failure)  410227K->252322K(575228K), 0.0066228 secs]
64167.528: [GC (Allocation Failure)  411170K->252709K(575228K), 0.0100147 secs]
64168.289: [GC (Allocation Failure)  411557K->254339K(575228K), 0.0082053 secs]
64168.850: [GC (Allocation Failure)  413187K->253793K(575228K), 0.0067117 secs]
64169.653: [GC (Allocation Failure)  412641K->255680K(575228K), 0.0076560 secs]
64170.185: [GC (Allocation Failure)  410829K->253873K(575228K), 0.0090408 secs]
64170.964: [GC (Allocation Failure)  412721K->255903K(575228K), 0.0075508 secs]
64171.577: [GC (Allocation Failure)  414751K->255480K(575228K), 0.0075909 secs]
64172.330: [GC (Allocation Failure)  414328K->256473K(575228K), 0.0098952 secs]
64172.873: [GC (Allocation Failure)  415321K->256509K(575228K), 0.0067525 secs]
64173.534: [GC (Allocation Failure)  415357K->258332K(575228K), 0.0075808 secs]
64174.063: [GC (Allocation Failure)  417180K->257107K(575228K), 0.0070294 secs]
64175.393: [GC (Allocation Failure)  415955K->257706K(575228K), 0.0073426 secs]
64176.599: [GC (Allocation Failure)  416554K->258861K(575228K), 0.0067890 secs]
64177.190: [GC (Allocation Failure)  417709K->258042K(575228K), 0.0069632 secs]
64178.186: [GC (Allocation Failure)  415262K->259576K(575228K), 0.0142059 secs]
64178.793: [GC (Allocation Failure)  418424K->259142K(575228K), 0.0070844 secs]
64179.977: [GC (Allocation Failure)  417990K->259678K(575228K), 0.0067538 secs]
64181.201: [GC (Allocation Failure)  418526K->261257K(575228K), 0.0113500 secs]
64181.791: [GC (Allocation Failure)  418580K->260514K(575228K), 0.0077420 secs]
64469.854: [GC (Allocation Failure)  419362K->263309K(575228K), 0.0083371 secs]
64559.161: [GC (Allocation Failure)  422157K->267958K(575228K), 0.0101609 secs]
64560.955: [GC (Allocation Failure)  423236K->272656K(575228K), 0.0127965 secs]
64561.293: [GC (Allocation Failure)  431504K->275376K(575228K), 0.0173296 secs]
64561.702: [GC (Allocation Failure)  434224K->273625K(575228K), 0.0073587 secs]
64562.119: [GC (Allocation Failure)  432473K->275017K(575228K), 0.0086594 secs]
64562.671: [GC (Allocation Failure)  433865K->277667K(575228K), 0.0083589 secs]
64563.186: [GC (Allocation Failure)  436515K->276185K(575228K), 0.0100190 secs]
64563.549: [GC (Allocation Failure)  435033K->275345K(575228K), 0.0109343 secs]
64564.006: [GC (Allocation Failure)  434193K->281247K(575228K), 0.0093395 secs]
64564.434: [GC (Allocation Failure)  437985K->284975K(575228K), 0.0083655 secs]
64564.995: [GC (Allocation Failure)  443823K->285012K(575228K), 0.0103287 secs]
64565.489: [GC (Allocation Failure)  441999K->293628K(575228K), 0.0106058 secs]
64565.898: [GC (Allocation Failure)  452476K->307518K(575228K), 0.0125504 secs]
64671.620: [GC (Allocation Failure)  466366K->315549K(575228K), 0.0126884 secs]
64746.642: [GC (Allocation Failure)  472725K->321605K(575228K), 0.0109090 secs]
64774.322: [GC (Allocation Failure)  480453K->326062K(575228K), 0.0086931 secs]
64806.116: [Full GC (System.gc())  473016K->285245K(575228K), 0.3064168 secs]
65117.567: [GC (Allocation Failure)  475709K->294378K(689620K), 0.0063102 secs]
65128.715: [GC (Allocation Failure)  484842K->299149K(689620K), 0.0092829 secs]
65163.560: [GC (Allocation Failure)  489612K->296266K(689620K), 0.0057921 secs]
65164.271: [GC (Allocation Failure)  486730K->293698K(689620K), 0.0040028 secs]
65164.581: [GC (Allocation Failure)  484162K->292984K(689620K), 0.0038803 secs]
65164.816: [GC (Allocation Failure)  483448K->293244K(689620K), 0.0039085 secs]
65165.276: [GC (Allocation Failure)  483708K->293372K(689620K), 0.0038263 secs]
65165.543: [GC (Allocation Failure)  483836K->293347K(689620K), 0.0161064 secs]
65165.813: [GC (Allocation Failure)  483811K->292518K(689620K), 0.0031459 secs]
65166.937: [GC (Allocation Failure)  482982K->292477K(689620K), 0.0036735 secs]
65167.194: [GC (Allocation Failure)  482941K->292504K(689620K), 0.0025108 secs]
65167.428: [GC (Allocation Failure)  482738K->294056K(689620K), 0.0035720 secs]
65167.725: [GC (Allocation Failure)  484520K->293444K(689620K), 0.0033330 secs]
65167.986: [GC (Allocation Failure)  483908K->293704K(689620K), 0.0031135 secs]
65168.259: [GC (Allocation Failure)  484168K->293532K(689620K), 0.0049328 secs]
65272.022: [GC (Allocation Failure)  480676K->298787K(689620K), 0.0068708 secs]
65441.545: [GC (Allocation Failure)  489251K->303064K(689620K), 0.0112954 secs]
65483.638: [GC (Allocation Failure)  493526K->304562K(689620K), 0.0058078 secs]
65697.249: [GC (Allocation Failure)  494003K->308459K(689620K), 0.0088660 secs]
65883.499: [GC (Allocation Failure)  498923K->307751K(689620K), 0.0096136 secs]
65968.480: [GC (Allocation Failure)  498215K->306522K(689620K), 0.0068879 secs]
66147.185: [GC (Allocation Failure)  496986K->306429K(689620K), 0.0073735 secs]
66219.341: [GC (Allocation Failure)  496893K->308612K(689620K), 0.0081950 secs]
66319.508: [GC (Allocation Failure)  499076K->309571K(689620K), 0.0077398 secs]
66372.935: [GC (Allocation Failure)  500035K->311936K(689620K), 0.0112944 secs]
